
[1m[46m RUN [49m[22m [36mv4.1.2 [39m[90mC:/Source/Privat/Git/Foodie[39m

